[48;5;016m [48;5;016m [48;5;233m [48;5;235m [48;5;234m [48;5;235m [48;5;236m [48;5;236m [48;5;237m [48;5;237m [48;5;238m [48;5;238m [48;5;238m [48;5;240m [48;5;240m [48;5;240m [48;5;243m [48;5;243m [48;5;242m [48;5;241m [48;5;241m [48;5;059m [48;5;240m [48;5;240m [48;5;239m [48;5;239m [48;5;238m [48;5;238m [48;5;238m [48;5;235m [48;5;235m [48;5;234m [49m
[48;5;233m [48;5;233m [48;5;233m [48;5;236m [48;5;235m [48;5;236m [48;5;237m [48;5;236m [48;5;238m [48;5;238m [48;5;238m [48;5;238m [48;5;238m [48;5;239m [48;5;239m [48;5;240m [48;5;242m [48;5;242m [48;5;242m [48;5;059m [48;5;241m [48;5;241m [48;5;241m [48;5;059m [48;5;240m [48;5;240m [48;5;239m [48;5;239m [48;5;238m [48;5;236m [48;5;236m [48;5;235m [49m
[48;5;234m [48;5;235m [48;5;236m [48;5;238m [48;5;238m [48;5;239m [48;5;239m [48;5;239m [48;5;240m [48;5;240m [48;5;059m [48;5;241m [48;5;241m [48;5;243m [48;5;243m [48;5;243m [48;5;246m [48;5;246m [48;5;245m [48;5;102m [48;5;102m [48;5;008m [48;5;243m [48;5;243m [48;5;242m [48;5;242m [48;5;241m [48;5;059m [48;5;059m [48;5;238m [48;5;238m [48;5;238m [49m
[48;5;236m [48;5;236m [48;5;236m [48;5;239m [48;5;238m [48;5;239m [48;5;240m [48;5;239m [48;5;241m [48;5;241m [48;5;059m [48;5;059m [48;5;241m [48;5;242m [48;5;242m [48;5;243m [48;5;245m [48;5;245m [48;5;245m [48;5;008m [48;5;244m [48;5;243m [48;5;243m [48;5;243m [48;5;243m [48;5;243m [48;5;242m [48;5;242m [48;5;241m [48;5;239m [48;5;239m [48;5;238m [49m
[48;5;236m [48;5;236m [48;5;237m [48;5;239m [48;5;239m [48;5;240m [48;5;240m [48;5;240m [48;5;241m [48;5;242m [48;5;242m [48;5;243m [48;5;243m [48;5;244m [48;5;244m [48;5;244m [48;5;247m [48;5;247m [48;5;247m [48;5;246m [48;5;246m [48;5;245m [48;5;102m [48;5;102m [48;5;243m [48;5;243m [48;5;243m [48;5;242m [48;5;242m [48;5;239m [48;5;239m [48;5;239m [49m
[48;5;237m [48;5;237m [48;5;238m [48;5;240m [48;5;239m [48;5;059m [48;5;241m [48;5;059m [48;5;243m [48;5;242m [48;5;242m [48;5;242m [48;5;243m [48;5;243m [48;5;243m [48;5;244m [48;5;246m [48;5;247m [48;5;246m [48;5;245m [48;5;246m [48;5;244m [48;5;008m [48;5;102m [48;5;102m [48;5;244m [48;5;243m [48;5;243m [48;5;243m [48;5;059m [48;5;240m [48;5;239m [49m
[48;5;237m [48;5;237m [48;5;238m [48;5;240m [48;5;240m [48;5;241m [48;5;242m [48;5;241m [48;5;243m [48;5;243m [48;5;243m [48;5;244m [48;5;244m [48;5;245m [48;5;246m [48;5;246m [48;5;145m [48;5;145m [48;5;248m [48;5;247m [48;5;247m [48;5;246m [48;5;246m [48;5;246m [48;5;102m [48;5;102m [48;5;244m [48;5;243m [48;5;243m [48;5;059m [48;5;240m [48;5;240m [49m
[48;5;238m [48;5;238m [48;5;239m [48;5;241m [48;5;059m [48;5;242m [48;5;242m [48;5;242m [48;5;008m [48;5;008m [48;5;243m [48;5;243m [48;5;008m [48;5;102m [48;5;102m [48;5;245m [48;5;248m [48;5;248m [48;5;248m [48;5;246m [48;5;247m [48;5;246m [48;5;245m [48;5;246m [48;5;246m [48;5;245m [48;5;102m [48;5;102m [48;5;008m [48;5;242m [48;5;241m [48;5;059m [49m
[48;5;238m [48;5;238m [48;5;240m [48;5;242m [48;5;242m [48;5;243m [48;5;243m [48;5;243m [48;5;244m [48;5;244m [48;5;102m [48;5;246m [48;5;245m [48;5;247m [48;5;247m [48;5;247m [48;5;250m [48;5;250m [48;5;249m [48;5;145m [48;5;145m [48;5;248m [48;5;247m [48;5;247m [48;5;246m [48;5;246m [48;5;245m [48;5;102m [48;5;102m [48;5;242m [48;5;242m [48;5;242m [49m
[48;5;240m [48;5;240m [48;5;240m [48;5;243m [48;5;242m [48;5;243m [48;5;008m [48;5;243m [48;5;243m [48;5;243m [48;5;102m [48;5;244m [48;5;245m [48;5;246m [48;5;246m [48;5;247m [48;5;145m [48;5;249m [48;5;249m [48;5;247m [48;5;248m [48;5;247m [48;5;246m [48;5;247m [48;5;247m [48;5;247m [48;5;246m [48;5;246m [48;5;245m [48;5;243m [48;5;243m [48;5;242m [49m
[48;5;240m [48;5;240m [48;5;241m [48;5;243m [48;5;243m [48;5;244m [48;5;244m [48;5;244m [48;5;246m [48;5;246m [48;5;246m [48;5;247m [48;5;247m [48;5;248m [48;5;248m [48;5;248m [48;5;251m [48;5;251m [48;5;251m [48;5;250m [48;5;250m [48;5;249m [48;5;145m [48;5;145m [48;5;247m [48;5;247m [48;5;247m [48;5;246m [48;5;246m [48;5;243m [48;5;243m [48;5;243m [49m
[48;5;059m [48;5;059m [48;5;241m [48;5;008m [48;5;243m [48;5;102m [48;5;245m [48;5;102m [48;5;102m [48;5;102m [48;5;246m [48;5;246m [48;5;246m [48;5;247m [48;5;247m [48;5;248m [48;5;007m [48;5;007m [48;5;007m [48;5;145m [48;5;249m [48;5;248m [48;5;248m [48;5;145m [48;5;248m [48;5;248m [48;5;247m [48;5;247m [48;5;246m [48;5;244m [48;5;008m [48;5;243m [49m
[48;5;244m [48;5;244m [48;5;246m [48;5;247m [48;5;247m [48;5;145m [48;5;145m [48;5;145m [48;5;250m [48;5;250m [48;5;007m [48;5;251m [48;5;251m [48;5;252m [48;5;253m [48;5;253m [48;5;254m [48;5;254m [48;5;188m [48;5;253m [48;5;253m [48;5;252m [48;5;251m [48;5;251m [48;5;250m [48;5;250m [48;5;249m [48;5;145m [48;5;145m [48;5;246m [48;5;246m [48;5;246m [49m
[48;5;245m [48;5;102m [48;5;246m [48;5;248m [48;5;248m [48;5;249m [48;5;249m [48;5;145m [48;5;145m [48;5;249m [48;5;250m [48;5;250m [48;5;007m [48;5;251m [48;5;252m [48;5;252m [48;5;252m [48;5;253m [48;5;253m [48;5;251m [48;5;252m [48;5;007m [48;5;250m [48;5;251m [48;5;145m [48;5;249m [48;5;250m [48;5;249m [48;5;249m [48;5;247m [48;5;246m [48;5;246m [49m
[48;5;243m [48;5;243m [48;5;244m [48;5;246m [48;5;246m [48;5;247m [48;5;247m [48;5;247m [48;5;145m [48;5;145m [48;5;249m [48;5;250m [48;5;250m [48;5;251m [48;5;251m [48;5;251m [48;5;253m [48;5;253m [48;5;252m [48;5;251m [48;5;251m [48;5;007m [48;5;250m [48;5;250m [48;5;145m [48;5;145m [48;5;248m [48;5;247m [48;5;247m [48;5;102m [48;5;244m [48;5;244m [49m
[48;5;008m [48;5;008m [48;5;102m [48;5;247m [48;5;246m [48;5;248m [48;5;248m [48;5;248m [48;5;247m [48;5;248m [48;5;145m [48;5;145m [48;5;249m [48;5;007m [48;5;250m [48;5;251m [48;5;251m [48;5;252m [48;5;252m [48;5;250m [48;5;007m [48;5;249m [48;5;145m [48;5;250m [48;5;249m [48;5;249m [48;5;145m [48;5;248m [48;5;248m [48;5;245m [48;5;245m [48;5;102m [49m
[48;5;241m [48;5;242m [48;5;243m [48;5;102m [48;5;102m [48;5;246m [48;5;246m [48;5;246m [48;5;247m [48;5;247m [48;5;248m [48;5;145m [48;5;145m [48;5;250m [48;5;250m [48;5;250m [48;5;251m [48;5;251m [48;5;251m [48;5;250m [48;5;250m [48;5;249m [48;5;145m [48;5;145m [48;5;247m [48;5;247m [48;5;247m [48;5;246m [48;5;246m [48;5;243m [48;5;243m [48;5;243m [49m
[48;5;243m [48;5;242m [48;5;243m [48;5;246m [48;5;245m [48;5;246m [48;5;247m [48;5;246m [48;5;246m [48;5;246m [48;5;248m [48;5;247m [48;5;248m [48;5;145m [48;5;249m [48;5;250m [48;5;250m [48;5;007m [48;5;007m [48;5;145m [48;5;249m [48;5;248m [48;5;248m [48;5;145m [48;5;248m [48;5;248m [48;5;247m [48;5;247m [48;5;246m [48;5;244m [48;5;008m [48;5;243m [49m
[48;5;240m [48;5;240m [48;5;242m [48;5;243m [48;5;243m [48;5;102m [48;5;102m [48;5;102m [48;5;246m [48;5;246m [48;5;247m [48;5;247m [48;5;247m [48;5;145m [48;5;145m [48;5;145m [48;5;250m [48;5;250m [48;5;249m [48;5;145m [48;5;145m [48;5;248m [48;5;247m [48;5;247m [48;5;246m [48;5;246m [48;5;245m [48;5;102m [48;5;102m [48;5;242m [48;5;241m [48;5;242m [49m
[48;5;241m [48;5;241m [48;5;242m [48;5;102m [48;5;008m [48;5;245m [48;5;245m [48;5;245m [48;5;245m [48;5;245m [48;5;246m [48;5;246m [48;5;247m [48;5;248m [48;5;248m [48;5;145m [48;5;145m [48;5;249m [48;5;249m [48;5;247m [48;5;248m [48;5;247m [48;5;246m [48;5;247m [48;5;247m [48;5;247m [48;5;246m [48;5;246m [48;5;245m [48;5;243m [48;5;243m [48;5;242m [49m
[48;5;239m [48;5;239m [48;5;240m [48;5;242m [48;5;242m [48;5;243m [48;5;243m [48;5;243m [48;5;102m [48;5;102m [48;5;245m [48;5;246m [48;5;246m [48;5;247m [48;5;247m [48;5;247m [48;5;145m [48;5;145m [48;5;248m [48;5;247m [48;5;247m [48;5;246m [48;5;246m [48;5;246m [48;5;102m [48;5;102m [48;5;244m [48;5;243m [48;5;243m [48;5;059m [48;5;240m [48;5;240m [49m
[48;5;240m [48;5;240m [48;5;059m [48;5;243m [48;5;243m [48;5;244m [48;5;244m [48;5;008m [48;5;008m [48;5;244m [48;5;245m [48;5;245m [48;5;246m [48;5;246m [48;5;246m [48;5;247m [48;5;247m [48;5;248m [48;5;248m [48;5;246m [48;5;247m [48;5;245m [48;5;245m [48;5;246m [48;5;246m [48;5;245m [48;5;102m [48;5;102m [48;5;008m [48;5;242m [48;5;241m [48;5;059m [49m
[48;5;236m [48;5;236m [48;5;237m [48;5;239m [48;5;239m [48;5;240m [48;5;240m [48;5;240m [48;5;241m [48;5;241m [48;5;242m [48;5;243m [48;5;243m [48;5;244m [48;5;244m [48;5;244m [48;5;246m [48;5;246m [48;5;245m [48;5;244m [48;5;244m [48;5;243m [48;5;243m [48;5;243m [48;5;241m [48;5;242m [48;5;241m [48;5;240m [48;5;240m [48;5;238m [48;5;237m [48;5;237m [49m
[48;5;237m [48;5;237m [48;5;238m [48;5;240m [48;5;239m [48;5;241m [48;5;241m [48;5;059m [48;5;059m [48;5;241m [48;5;242m [48;5;242m [48;5;243m [48;5;243m [48;5;243m [48;5;244m [48;5;102m [48;5;245m [48;5;102m [48;5;243m [48;5;008m [48;5;242m [48;5;242m [48;5;243m [48;5;243m [48;5;242m [48;5;241m [48;5;241m [48;5;059m [48;5;239m [48;5;238m [48;5;237m [49m
[48;5;238m [48;5;238m [48;5;240m [48;5;242m [48;5;241m [48;5;243m [48;5;243m [48;5;243m [48;5;102m [48;5;102m [48;5;245m [48;5;246m [48;5;246m [48;5;247m [48;5;247m [48;5;247m [48;5;248m [48;5;248m [48;5;248m [48;5;247m [48;5;247m [48;5;246m [48;5;246m [48;5;246m [48;5;244m [48;5;244m [48;5;008m [48;5;243m [48;5;243m [48;5;240m [48;5;240m [48;5;240m [49m
[48;5;240m [48;5;239m [48;5;240m [48;5;243m [48;5;242m [48;5;242m [48;5;242m [48;5;243m [48;5;243m [48;5;008m [48;5;102m [48;5;102m [48;5;246m [48;5;246m [48;5;246m [48;5;247m [48;5;247m [48;5;247m [48;5;248m [48;5;246m [48;5;247m [48;5;245m [48;5;102m [48;5;245m [48;5;243m [48;5;008m [48;5;008m [48;5;008m [48;5;243m [48;5;241m [48;5;059m [48;5;240m [49m
[48;5;241m [48;5;242m [48;5;243m [48;5;102m [48;5;102m [48;5;246m [48;5;246m [48;5;246m [48;5;248m [48;5;248m [48;5;248m [48;5;249m [48;5;249m [48;5;250m [48;5;007m [48;5;007m [48;5;251m [48;5;251m [48;5;251m [48;5;007m [48;5;007m [48;5;249m [48;5;145m [48;5;145m [48;5;247m [48;5;247m [48;5;247m [48;5;246m [48;5;246m [48;5;243m [48;5;243m [48;5;243m [49m
[48;5;243m [48;5;242m [48;5;243m [48;5;246m [48;5;245m [48;5;245m [48;5;245m [48;5;246m [48;5;246m [48;5;247m [48;5;248m [48;5;248m [48;5;145m [48;5;145m [48;5;249m [48;5;250m [48;5;007m [48;5;007m [48;5;007m [48;5;249m [48;5;250m [48;5;248m [48;5;248m [48;5;145m [48;5;246m [48;5;247m [48;5;247m [48;5;247m [48;5;246m [48;5;244m [48;5;008m [48;5;243m [49m
[48;5;243m [48;5;243m [48;5;244m [48;5;246m [48;5;246m [48;5;247m [48;5;247m [48;5;247m [48;5;249m [48;5;249m [48;5;250m [48;5;007m [48;5;007m [48;5;252m [48;5;252m [48;5;252m [48;5;253m [48;5;253m [48;5;252m [48;5;252m [48;5;252m [48;5;007m [48;5;250m [48;5;250m [48;5;145m [48;5;145m [48;5;248m [48;5;247m [48;5;247m [48;5;102m [48;5;244m [48;5;244m [49m
[48;5;244m [48;5;008m [48;5;102m [48;5;247m [48;5;246m [48;5;246m [48;5;246m [48;5;247m [48;5;248m [48;5;248m [48;5;249m [48;5;249m [48;5;250m [48;5;007m [48;5;007m [48;5;252m [48;5;252m [48;5;252m [48;5;252m [48;5;007m [48;5;251m [48;5;249m [48;5;249m [48;5;250m [48;5;248m [48;5;248m [48;5;248m [48;5;248m [48;5;248m [48;5;245m [48;5;245m [48;5;244m [49m
[48;5;244m [48;5;244m [48;5;246m [48;5;247m [48;5;247m [48;5;145m [48;5;145m [48;5;145m [48;5;007m [48;5;007m [48;5;251m [48;5;252m [48;5;252m [48;5;253m [48;5;253m [48;5;253m [48;5;254m [48;5;254m [48;5;188m [48;5;253m [48;5;253m [48;5;252m [48;5;251m [48;5;251m [48;5;250m [48;5;250m [48;5;249m [48;5;145m [48;5;145m [48;5;246m [48;5;246m [48;5;246m [49m
[48;5;245m [48;5;245m [48;5;246m [48;5;248m [48;5;248m [48;5;248m [48;5;248m [48;5;248m [48;5;145m [48;5;249m [48;5;007m [48;5;007m [48;5;251m [48;5;251m [48;5;251m [48;5;253m [48;5;253m [48;5;253m [48;5;253m [48;5;252m [48;5;252m [48;5;007m [48;5;250m [48;5;251m [48;5;145m [48;5;249m [48;5;249m [48;5;248m [48;5;248m [48;5;247m [48;5;246m [48;5;246m [49m
[48;5;246m [48;5;246m [48;5;247m [48;5;145m [48;5;145m [48;5;250m [48;5;250m [48;5;250m [48;5;252m [48;5;252m [48;5;253m [48;5;188m [48;5;188m [48;5;254m [48;5;255m [48;5;255m [48;5;255m [48;5;255m [48;5;255m [48;5;255m [48;5;255m [48;5;253m [48;5;253m [48;5;253m [48;5;252m [48;5;252m [48;5;251m [48;5;007m [48;5;007m [48;5;248m [48;5;247m [48;5;247m [49m
[48;5;246m [48;5;246m [48;5;247m [48;5;249m [48;5;249m [48;5;145m [48;5;145m [48;5;250m [48;5;007m [48;5;007m [48;5;252m [48;5;252m [48;5;252m [48;5;253m [48;5;253m [48;5;254m [48;5;254m [48;5;254m [48;5;255m [48;5;253m [48;5;188m [48;5;252m [48;5;252m [48;5;253m [48;5;007m [48;5;007m [48;5;007m [48;5;249m [48;5;249m [48;5;248m [48;5;248m [48;5;247m [49m
[48;5;247m [48;5;247m [48;5;248m [48;5;250m [48;5;250m [48;5;251m [48;5;251m [48;5;251m [48;5;253m [48;5;253m [48;5;188m [48;5;255m [48;5;255m [48;5;255m [48;5;255m [48;5;255m [48;5;231m [48;5;231m [48;5;015m [48;5;255m [48;5;255m [48;5;254m [48;5;254m [48;5;254m [48;5;253m [48;5;253m [48;5;252m [48;5;251m [48;5;251m [48;5;145m [48;5;248m [48;5;248m [49m
[48;5;248m [48;5;247m [48;5;145m [48;5;007m [48;5;007m [48;5;250m [48;5;250m [48;5;251m [48;5;252m [48;5;252m [48;5;253m [48;5;253m [48;5;188m [48;5;254m [48;5;254m [48;5;255m [48;5;255m [48;5;255m [48;5;255m [48;5;254m [48;5;255m [48;5;253m [48;5;253m [48;5;254m [48;5;251m [48;5;252m [48;5;252m [48;5;007m [48;5;251m [48;5;249m [48;5;145m [48;5;248m [49m
[48;5;232m [48;5;232m [48;5;232m [48;5;233m [48;5;233m [48;5;234m [48;5;234m [48;5;234m [48;5;235m [48;5;235m [48;5;235m [48;5;236m [48;5;236m [48;5;237m [48;5;237m [48;5;237m [48;5;238m [48;5;238m [48;5;238m [48;5;239m [48;5;239m [48;5;240m [48;5;240m [48;5;240m [48;5;241m [48;5;241m [48;5;241m [48;5;242m [48;5;242m [48;5;243m [48;5;243m [48;5;243m [49m
[48;5;233m [48;5;233m [48;5;233m [48;5;235m [48;5;234m [48;5;235m [48;5;236m [48;5;234m [48;5;237m [48;5;236m [48;5;236m [48;5;237m [48;5;237m [48;5;238m [48;5;238m [48;5;238m [48;5;239m [48;5;239m [48;5;239m [48;5;059m [48;5;240m [48;5;059m [48;5;241m [48;5;059m [48;5;242m [48;5;242m [48;5;242m [48;5;243m [48;5;243m [48;5;243m [48;5;008m [48;5;243m [49m
[48;5;255m [48;5;255m [48;5;255m [48;5;254m [48;5;254m [48;5;253m [48;5;253m [48;5;253m [48;5;252m [48;5;252m [48;5;252m [48;5;251m [48;5;251m [48;5;250m [48;5;250m [48;5;250m [48;5;249m [48;5;249m [48;5;145m [48;5;248m [48;5;248m [48;5;247m [48;5;247m [48;5;247m [48;5;246m [48;5;246m [48;5;246m [48;5;245m [48;5;245m [48;5;244m [48;5;244m [48;5;244m [49m
[48;5;188m [48;5;188m [48;5;254m [48;5;252m [48;5;253m [48;5;252m [48;5;251m [48;5;252m [48;5;007m [48;5;007m [48;5;251m [48;5;250m [48;5;007m [48;5;249m [48;5;145m [48;5;250m [48;5;248m [48;5;248m [48;5;248m [48;5;247m [48;5;247m [48;5;246m [48;5;246m [48;5;247m [48;5;247m [48;5;247m [48;5;246m [48;5;246m [48;5;246m [48;5;102m [48;5;102m [48;5;244m [49m
[48;5;016m [48;5;016m [48;5;233m [48;5;235m [48;5;235m [48;5;235m [48;5;235m [48;5;235m [48;5;240m [48;5;240m [48;5;238m [48;5;235m [48;5;235m [48;5;239m [48;5;240m [48;5;240m [48;5;240m [48;5;240m [48;5;102m [48;5;007m [48;5;007m [48;5;007m [48;5;231m [48;5;231m [48;5;231m [48;5;231m [48;5;231m [48;5;231m [48;5;231m [48;5;231m [48;5;231m [48;5;231m [49m
[48;5;233m [48;5;233m [48;5;233m [48;5;237m [48;5;236m [48;5;236m [48;5;237m [48;5;236m [48;5;059m [48;5;059m [48;5;238m [48;5;237m [48;5;236m [48;5;240m [48;5;059m [48;5;240m [48;5;059m [48;5;059m [48;5;244m [48;5;249m [48;5;250m [48;5;007m [48;5;231m [48;5;231m [48;5;231m [48;5;231m [48;5;231m [48;5;231m [48;5;231m [48;5;231m [48;5;231m [48;5;231m [49m
[48;5;244m [48;5;244m [48;5;242m [48;5;240m [48;5;240m [48;5;240m [48;5;240m [48;5;240m [48;5;248m [48;5;248m [48;5;102m [48;5;240m [48;5;240m [48;5;247m [48;5;248m [48;5;248m [48;5;248m [48;5;248m [48;5;252m [48;5;231m [48;5;231m [48;5;231m [48;5;231m [48;5;231m [48;5;231m [48;5;231m [48;5;231m [48;5;231m [48;5;231m [48;5;231m [48;5;231m [48;5;231m [49m
[48;5;102m [48;5;102m [48;5;242m [48;5;059m [48;5;240m [48;5;239m [48;5;239m [48;5;240m [48;5;247m [48;5;247m [48;5;102m [48;5;059m [48;5;240m [48;5;248m [48;5;145m [48;5;248m [48;5;247m [48;5;247m [48;5;252m [48;5;255m [48;5;015m [48;5;231m [48;5;231m [48;5;231m [48;5;231m [48;5;231m [48;5;231m [48;5;231m [48;5;231m [48;5;231m [48;5;231m [48;5;231m [49m
