[40m [41m [42m [43m [44m [45m [46m [47m [49m
[47m [41m [42m [43m [44m [45m [46m [47m [49m
